BEGIN ARTICLE
    HORIZONTAL_RULE
    BEGIN GARBAGE
        WORD[text]
    END GARBAGE
    BEGIN PARAGRAPH
        WORD[text]
    END PARAGRAPH
    HORIZONTAL_RULE
    BEGIN PARAGRAPH
        WORD[text]
    END PARAGRAPH
    HORIZONTAL_RULE
    BEGIN GARBAGE
        WORD[text]
    END GARBAGE
    BEGIN PARAGRAPH
        WORD[text]
    END PARAGRAPH
    HORIZONTAL_RULE
END ARTICLE
