BEGIN ARTICLE
    BEGIN PARAGRAPH
        WORD[text]
        SPACE[ ]
        WORD[containing]
        SPACE[ ]
        WORD[various]
        SPACE[ ]
        WORD[html]
        SPACE[ ]
        WORD[entities]
    END PARAGRAPH
    BEGIN PRE
        HTML_ENTITY[&#160;]
        SPACE[  ]
        HTML_ENTITY[&nbsp;]
        SPACE[  	]
        WORD[non]
        SPECIAL[-]
        WORD[breaking]
        SPACE[ ]
        WORD[space]
    END PRE
    BEGIN PARAGRAPH
        WORD[¡]
        SPACE[ 	]
        HTML_ENTITY[&#161;]
        SPACE[ 	]
        HTML_ENTITY[&iexcl;]
        SPACE[ 	]
        WORD[inverted]
        SPACE[ ]
        WORD[exclamation]
        SPACE[ ]
        WORD[mark]
        NEWLINE
        WORD[¢]
        SPACE[ 	]
        HTML_ENTITY[&#162;]
        SPACE[ 	]
        HTML_ENTITY[&cent;]
        SPACE[ 	]
        WORD[cent]
        NEWLINE
        WORD[£]
        SPACE[ 	]
        HTML_ENTITY[&#163;]
        SPACE[ 	]
        HTML_ENTITY[&pound;]
        SPACE[ 	]
        WORD[pound]
        NEWLINE
        WORD[¤]
        SPACE[ 	]
        HTML_ENTITY[&#164;]
        SPACE[ 	]
        HTML_ENTITY[&curren;]
        SPACE[ 	]
        WORD[currency]
        NEWLINE
        WORD[¥]
        SPACE[ 	]
        HTML_ENTITY[&#165;]
        SPACE[ 	]
        HTML_ENTITY[&yen;]
        SPACE[ 	]
        WORD[yen]
        NEWLINE
        WORD[¦]
        SPACE[ 	]
        HTML_ENTITY[&#166;]
        SPACE[ 	]
        HTML_ENTITY[&brvbar;]
        SPACE[ 	]
        WORD[broken]
        SPACE[ ]
        WORD[vertical]
        SPACE[ ]
        WORD[bar]
        NEWLINE
        WORD[§]
        SPACE[ 	]
        HTML_ENTITY[&#167;]
        SPACE[ 	]
        HTML_ENTITY[&sect;]
        SPACE[ 	]
        WORD[section]
        NEWLINE
        WORD[¨]
        SPACE[ 	]
        HTML_ENTITY[&#168;]
        SPACE[ 	]
        HTML_ENTITY[&uml;]
        SPACE[ 	]
        WORD[spacing]
        SPACE[ ]
        WORD[diaeresis]
        NEWLINE
        WORD[©]
        SPACE[ 	]
        HTML_ENTITY[&#169;]
        SPACE[ 	]
        HTML_ENTITY[&copy;]
        SPACE[ 	]
        WORD[copyright]
        NEWLINE
        WORD[ª]
        SPACE[ 	]
        HTML_ENTITY[&#170;]
        SPACE[ 	]
        HTML_ENTITY[&ordf;]
        SPACE[ 	]
        WORD[feminine]
        SPACE[ ]
        WORD[ordinal]
        SPACE[ ]
        WORD[indicator]
        NEWLINE
        WORD[«]
        SPACE[ 	]
        HTML_ENTITY[&#171;]
        SPACE[ 	]
        HTML_ENTITY[&laquo;]
        SPACE[ 	]
        WORD[angle]
        SPACE[ ]
        WORD[quotation]
        SPACE[ ]
        WORD[mark]
        SPACE[ ]
        SPECIAL[(]
        WORD[left]
        SPECIAL[)]
        NEWLINE
        WORD[¬]
        SPACE[ 	]
        HTML_ENTITY[&#172;]
        SPACE[ 	]
        HTML_ENTITY[&not;]
        SPACE[ 	]
        WORD[negation]
        NEWLINE
        WORD[­]
        SPACE[ 	]
        HTML_ENTITY[&#173;]
        SPACE[ 	]
        HTML_ENTITY[&shy;]
        SPACE[ 	]
        WORD[soft]
        SPACE[ ]
        WORD[hyphen]
        NEWLINE
        WORD[®]
        SPACE[ 	]
        HTML_ENTITY[&#174;]
        SPACE[ 	]
        HTML_ENTITY[&reg;]
        SPACE[ 	]
        WORD[registered]
        SPACE[ ]
        WORD[trademark]
        NEWLINE
        WORD[¯]
        SPACE[ 	]
        HTML_ENTITY[&#175;]
        SPACE[ 	]
        HTML_ENTITY[&macr;]
        SPACE[ 	]
        WORD[spacing]
        SPACE[ ]
        WORD[macron]
        NEWLINE
        WORD[°]
        SPACE[ 	]
        HTML_ENTITY[&#176;]
        SPACE[ 	]
        HTML_ENTITY[&deg;]
        SPACE[ 	]
        WORD[degree]
        NEWLINE
        WORD[±]
        SPACE[ 	]
        HTML_ENTITY[&#177;]
        SPACE[ 	]
        HTML_ENTITY[&plusmn;]
        SPACE[ 	]
        WORD[plus]
        SPECIAL[-]
        WORD[or]
        SPECIAL[-]
        WORD[minus]
        SPACE[ ]
        NEWLINE
        WORD[²]
        SPACE[ 	]
        HTML_ENTITY[&#178;]
        SPACE[ 	]
        HTML_ENTITY[&sup2;]
        SPACE[ 	]
        WORD[superscript]
        SPACE[ ]
        WORD[2]
        NEWLINE
        WORD[³]
        SPACE[ 	]
        HTML_ENTITY[&#179;]
        SPACE[ 	]
        HTML_ENTITY[&sup3;]
        SPACE[ 	]
        WORD[superscript]
        SPACE[ ]
        WORD[3]
        NEWLINE
        WORD[´]
        SPACE[ 	]
        HTML_ENTITY[&#180;]
        SPACE[ 	]
        HTML_ENTITY[&acute;]
        SPACE[ 	]
        WORD[spacing]
        SPACE[ ]
        WORD[acute]
        NEWLINE
        WORD[µ]
        SPACE[ 	]
        HTML_ENTITY[&#181;]
        SPACE[ 	]
        HTML_ENTITY[&micro;]
        SPACE[ 	]
        WORD[micro]
        NEWLINE
        WORD[¶]
        SPACE[ 	]
        HTML_ENTITY[&#182;]
        SPACE[ 	]
        HTML_ENTITY[&para;]
        SPACE[ 	]
        WORD[paragraph]
        NEWLINE
        WORD[·]
        SPACE[ 	]
        HTML_ENTITY[&#183;]
        SPACE[ 	]
        HTML_ENTITY[&middot;]
        SPACE[ 	]
        WORD[middle]
        SPACE[ ]
        WORD[dot]
        NEWLINE
        WORD[¸]
        SPACE[ 	]
        HTML_ENTITY[&#184;]
        SPACE[ 	]
        HTML_ENTITY[&cedil;]
        SPACE[ 	]
        WORD[spacing]
        SPACE[ ]
        WORD[cedilla]
        NEWLINE
        WORD[¹]
        SPACE[ 	]
        HTML_ENTITY[&#185;]
        SPACE[ 	]
        HTML_ENTITY[&sup1;]
        SPACE[ 	]
        WORD[superscript]
        SPACE[ ]
        WORD[1]
        NEWLINE
        WORD[º]
        SPACE[ 	]
        HTML_ENTITY[&#186;]
        SPACE[ 	]
        HTML_ENTITY[&ordm;]
        SPACE[ 	]
        WORD[masculine]
        SPACE[ ]
        WORD[ordinal]
        SPACE[ ]
        WORD[indicator]
        NEWLINE
        WORD[»]
        SPACE[ 	]
        HTML_ENTITY[&#187;]
        SPACE[ 	]
        HTML_ENTITY[&raquo;]
        SPACE[ 	]
        WORD[angle]
        SPACE[ ]
        WORD[quotation]
        SPACE[ ]
        WORD[mark]
        SPACE[ ]
        SPECIAL[(]
        WORD[right]
        SPECIAL[)]
        NEWLINE
        WORD[¼]
        SPACE[ 	]
        HTML_ENTITY[&#188;]
        SPACE[ 	]
        HTML_ENTITY[&frac14;]
        SPACE[ 	]
        WORD[fraction]
        SPACE[ ]
        WORD[1]
        SPECIAL[/]
        WORD[4]
        NEWLINE
        WORD[½]
        SPACE[ 	]
        HTML_ENTITY[&#189;]
        SPACE[ 	]
        HTML_ENTITY[&frac12;]
        SPACE[ 	]
        WORD[fraction]
        SPACE[ ]
        WORD[1]
        SPECIAL[/]
        WORD[2]
        NEWLINE
        WORD[¾]
        SPACE[ 	]
        HTML_ENTITY[&#190;]
        SPACE[ 	]
        HTML_ENTITY[&frac34;]
        SPACE[ 	]
        WORD[fraction]
        SPACE[ ]
        WORD[3]
        SPECIAL[/]
        WORD[4]
        NEWLINE
        WORD[¿]
        SPACE[ 	]
        HTML_ENTITY[&#191;]
        SPACE[ 	]
        HTML_ENTITY[&iquest;]
        SPACE[ 	]
        WORD[inverted]
        SPACE[ ]
        WORD[question]
        SPACE[ ]
        WORD[mark]
        NEWLINE
        WORD[×]
        SPACE[ 	]
        HTML_ENTITY[&#215;]
        SPACE[ 	]
        HTML_ENTITY[&times;]
        SPACE[ 	]
        WORD[multiplication]
        NEWLINE
        WORD[÷]
        SPACE[ 	]
        HTML_ENTITY[&#247;]
        SPACE[ 	]
        HTML_ENTITY[&divide;]
        SPACE[ 	]
        WORD[division]
    END PARAGRAPH
    BEGIN PARAGRAPH
        WORD[ISO]
        SPACE[ ]
        WORD[8859]
        SPECIAL[-]
        WORD[1]
        SPACE[ ]
        WORD[Characters]
        NEWLINE
        WORD[Character]
        SPACE[ 	]
        WORD[Entity]
        SPACE[ ]
        WORD[Number]
        SPACE[ 	]
        WORD[Entity]
        SPACE[ ]
        WORD[Name]
        SPACE[ 	]
        WORD[Description]
    END PARAGRAPH
    BEGIN PARAGRAPH
        WORD[À]
        SPACE[ 	]
        HTML_ENTITY[&#192;]
        SPACE[ 	]
        HTML_ENTITY[&Agrave;]
        SPACE[ 	]
        WORD[capital]
        SPACE[ ]
        WORD[a]
        SPECIAL[,]
        SPACE[ ]
        WORD[grave]
        SPACE[ ]
        WORD[accent]
        NEWLINE
        WORD[Á]
        SPACE[ 	]
        HTML_ENTITY[&#193;]
        SPACE[ 	]
        HTML_ENTITY[&Aacute;]
        SPACE[ 	]
        WORD[capital]
        SPACE[ ]
        WORD[a]
        SPECIAL[,]
        SPACE[ ]
        WORD[acute]
        SPACE[ ]
        WORD[accent]
        NEWLINE
        WORD[Â]
        SPACE[ 	]
        HTML_ENTITY[&#194;]
        SPACE[ 	]
        HTML_ENTITY[&Acirc;]
        SPACE[ 	]
        WORD[capital]
        SPACE[ ]
        WORD[a]
        SPECIAL[,]
        SPACE[ ]
        WORD[circumflex]
        SPACE[ ]
        WORD[accent]
        NEWLINE
        WORD[Ã]
        SPACE[ 	]
        HTML_ENTITY[&#195;]
        SPACE[ 	]
        HTML_ENTITY[&Atilde;]
        SPACE[ 	]
        WORD[capital]
        SPACE[ ]
        WORD[a]
        SPECIAL[,]
        SPACE[ ]
        WORD[tilde]
        NEWLINE
        WORD[Ä]
        SPACE[ 	]
        HTML_ENTITY[&#196;]
        SPACE[ 	]
        HTML_ENTITY[&Auml;]
        SPACE[ 	]
        WORD[capital]
        SPACE[ ]
        WORD[a]
        SPECIAL[,]
        SPACE[ ]
        WORD[umlaut]
        SPACE[ ]
        WORD[mark]
        NEWLINE
        WORD[Å]
        SPACE[ 	]
        HTML_ENTITY[&#197;]
        SPACE[ 	]
        HTML_ENTITY[&Aring;]
        SPACE[ 	]
        WORD[capital]
        SPACE[ ]
        WORD[a]
        SPECIAL[,]
        SPACE[ ]
        WORD[ring]
        NEWLINE
        WORD[Æ]
        SPACE[ 	]
        HTML_ENTITY[&#198;]
        SPACE[ 	]
        HTML_ENTITY[&AElig;]
        SPACE[ 	]
        WORD[capital]
        SPACE[ ]
        WORD[ae]
        NEWLINE
        WORD[Ç]
        SPACE[ 	]
        HTML_ENTITY[&#199;]
        SPACE[ 	]
        HTML_ENTITY[&Ccedil;]
        SPACE[ 	]
        WORD[capital]
        SPACE[ ]
        WORD[c]
        SPECIAL[,]
        SPACE[ ]
        WORD[cedilla]
        NEWLINE
        WORD[È]
        SPACE[ 	]
        HTML_ENTITY[&#200;]
        SPACE[ 	]
        HTML_ENTITY[&Egrave;]
        SPACE[ 	]
        WORD[capital]
        SPACE[ ]
        WORD[e]
        SPECIAL[,]
        SPACE[ ]
        WORD[grave]
        SPACE[ ]
        WORD[accent]
        NEWLINE
        WORD[É]
        SPACE[ 	]
        HTML_ENTITY[&#201;]
        SPACE[ 	]
        HTML_ENTITY[&Eacute;]
        SPACE[ 	]
        WORD[capital]
        SPACE[ ]
        WORD[e]
        SPECIAL[,]
        SPACE[ ]
        WORD[acute]
        SPACE[ ]
        WORD[accent]
        NEWLINE
        WORD[Ê]
        SPACE[ 	]
        HTML_ENTITY[&#202;]
        SPACE[ 	]
        HTML_ENTITY[&Ecirc;]
        SPACE[ 	]
        WORD[capital]
        SPACE[ ]
        WORD[e]
        SPECIAL[,]
        SPACE[ ]
        WORD[circumflex]
        SPACE[ ]
        WORD[accent]
        NEWLINE
        WORD[Ë]
        SPACE[ 	]
        HTML_ENTITY[&#203;]
        SPACE[ 	]
        HTML_ENTITY[&Euml;]
        SPACE[ 	]
        WORD[capital]
        SPACE[ ]
        WORD[e]
        SPECIAL[,]
        SPACE[ ]
        WORD[umlaut]
        SPACE[ ]
        WORD[mark]
        NEWLINE
        WORD[Ì]
        SPACE[ 	]
        HTML_ENTITY[&#204;]
        SPACE[ 	]
        HTML_ENTITY[&Igrave;]
        SPACE[ 	]
        WORD[capital]
        SPACE[ ]
        WORD[i]
        SPECIAL[,]
        SPACE[ ]
        WORD[grave]
        SPACE[ ]
        WORD[accent]
        NEWLINE
        WORD[Í]
        SPACE[ 	]
        HTML_ENTITY[&#205;]
        SPACE[ 	]
        HTML_ENTITY[&Iacute;]
        SPACE[ 	]
        WORD[capital]
        SPACE[ ]
        WORD[i]
        SPECIAL[,]
        SPACE[ ]
        WORD[acute]
        SPACE[ ]
        WORD[accent]
        NEWLINE
        WORD[Î]
        SPACE[ 	]
        HTML_ENTITY[&#206;]
        SPACE[ 	]
        HTML_ENTITY[&Icirc;]
        SPACE[ 	]
        WORD[capital]
        SPACE[ ]
        WORD[i]
        SPECIAL[,]
        SPACE[ ]
        WORD[circumflex]
        SPACE[ ]
        WORD[accent]
        NEWLINE
        WORD[Ï]
        SPACE[ 	]
        HTML_ENTITY[&#207;]
        SPACE[ 	]
        HTML_ENTITY[&Iuml;]
        SPACE[ 	]
        WORD[capital]
        SPACE[ ]
        WORD[i]
        SPECIAL[,]
        SPACE[ ]
        WORD[umlaut]
        SPACE[ ]
        WORD[mark]
        NEWLINE
        WORD[Ð]
        SPACE[ 	]
        HTML_ENTITY[&#208;]
        SPACE[ 	]
        HTML_ENTITY[&ETH;]
        SPACE[ 	]
        WORD[capital]
        SPACE[ ]
        WORD[eth]
        SPECIAL[,]
        SPACE[ ]
        WORD[Icelandic]
        NEWLINE
        WORD[Ñ]
        SPACE[ 	]
        HTML_ENTITY[&#209;]
        SPACE[ 	]
        HTML_ENTITY[&Ntilde;]
        SPACE[ 	]
        WORD[capital]
        SPACE[ ]
        WORD[n]
        SPECIAL[,]
        SPACE[ ]
        WORD[tilde]
        NEWLINE
        WORD[Ò]
        SPACE[ 	]
        HTML_ENTITY[&#210;]
        SPACE[ 	]
        HTML_ENTITY[&Ograve;]
        SPACE[ 	]
        WORD[capital]
        SPACE[ ]
        WORD[o]
        SPECIAL[,]
        SPACE[ ]
        WORD[grave]
        SPACE[ ]
        WORD[accent]
        NEWLINE
        WORD[Ó]
        SPACE[ 	]
        HTML_ENTITY[&#211;]
        SPACE[ 	]
        HTML_ENTITY[&Oacute;]
        SPACE[ 	]
        WORD[capital]
        SPACE[ ]
        WORD[o]
        SPECIAL[,]
        SPACE[ ]
        WORD[acute]
        SPACE[ ]
        WORD[accent]
        NEWLINE
        WORD[Ô]
        SPACE[ 	]
        HTML_ENTITY[&#212;]
        SPACE[ 	]
        HTML_ENTITY[&Ocirc;]
        SPACE[ 	]
        WORD[capital]
        SPACE[ ]
        WORD[o]
        SPECIAL[,]
        SPACE[ ]
        WORD[circumflex]
        SPACE[ ]
        WORD[accent]
        NEWLINE
        WORD[Õ]
        SPACE[ 	]
        HTML_ENTITY[&#213;]
        SPACE[ 	]
        HTML_ENTITY[&Otilde;]
        SPACE[ 	]
        WORD[capital]
        SPACE[ ]
        WORD[o]
        SPECIAL[,]
        SPACE[ ]
        WORD[tilde]
        NEWLINE
        WORD[Ö]
        SPACE[ 	]
        HTML_ENTITY[&#214;]
        SPACE[ 	]
        HTML_ENTITY[&Ouml;]
        SPACE[ 	]
        WORD[capital]
        SPACE[ ]
        WORD[o]
        SPECIAL[,]
        SPACE[ ]
        WORD[umlaut]
        SPACE[ ]
        WORD[mark]
        NEWLINE
        WORD[Ø]
        SPACE[ 	]
        HTML_ENTITY[&#216;]
        SPACE[ 	]
        HTML_ENTITY[&Oslash;]
        SPACE[ 	]
        WORD[capital]
        SPACE[ ]
        WORD[o]
        SPECIAL[,]
        SPACE[ ]
        WORD[slash]
        NEWLINE
        WORD[Ù]
        SPACE[ 	]
        HTML_ENTITY[&#217;]
        SPACE[ 	]
        HTML_ENTITY[&Ugrave;]
        SPACE[ 	]
        WORD[capital]
        SPACE[ ]
        WORD[u]
        SPECIAL[,]
        SPACE[ ]
        WORD[grave]
        SPACE[ ]
        WORD[accent]
        NEWLINE
        WORD[Ú]
        SPACE[ 	]
        HTML_ENTITY[&#218;]
        SPACE[ 	]
        HTML_ENTITY[&Uacute;]
        SPACE[ 	]
        WORD[capital]
        SPACE[ ]
        WORD[u]
        SPECIAL[,]
        SPACE[ ]
        WORD[acute]
        SPACE[ ]
        WORD[accent]
        NEWLINE
        WORD[Û]
        SPACE[ 	]
        HTML_ENTITY[&#219;]
        SPACE[ 	]
        HTML_ENTITY[&Ucirc;]
        SPACE[ 	]
        WORD[capital]
        SPACE[ ]
        WORD[u]
        SPECIAL[,]
        SPACE[ ]
        WORD[circumflex]
        SPACE[ ]
        WORD[accent]
        NEWLINE
        WORD[Ü]
        SPACE[ 	]
        HTML_ENTITY[&#220;]
        SPACE[ 	]
        HTML_ENTITY[&Uuml;]
        SPACE[ 	]
        WORD[capital]
        SPACE[ ]
        WORD[u]
        SPECIAL[,]
        SPACE[ ]
        WORD[umlaut]
        SPACE[ ]
        WORD[mark]
        NEWLINE
        WORD[Ý]
        SPACE[ 	]
        HTML_ENTITY[&#221;]
        SPACE[ 	]
        HTML_ENTITY[&Yacute;]
        SPACE[ 	]
        WORD[capital]
        SPACE[ ]
        WORD[y]
        SPECIAL[,]
        SPACE[ ]
        WORD[acute]
        SPACE[ ]
        WORD[accent]
        NEWLINE
        WORD[Þ]
        SPACE[ 	]
        HTML_ENTITY[&#222;]
        SPACE[ 	]
        HTML_ENTITY[&THORN;]
        SPACE[ 	]
        WORD[capital]
        SPACE[ ]
        WORD[THORN]
        SPECIAL[,]
        SPACE[ ]
        WORD[Icelandic]
        NEWLINE
        WORD[ß]
        SPACE[ 	]
        HTML_ENTITY[&#223;]
        SPACE[ 	]
        HTML_ENTITY[&szlig;]
        SPACE[ 	]
        WORD[small]
        SPACE[ ]
        WORD[sharp]
        SPACE[ ]
        WORD[s]
        SPECIAL[,]
        SPACE[ ]
        WORD[German]
        NEWLINE
        WORD[à]
        SPACE[ 	]
        HTML_ENTITY[&#224;]
        SPACE[ 	]
        HTML_ENTITY[&agrave;]
        SPACE[ 	]
        WORD[small]
        SPACE[ ]
        WORD[a]
        SPECIAL[,]
        SPACE[ ]
        WORD[grave]
        SPACE[ ]
        WORD[accent]
        NEWLINE
        WORD[á]
        SPACE[ 	]
        HTML_ENTITY[&#225;]
        SPACE[ 	]
        HTML_ENTITY[&aacute;]
        SPACE[ 	]
        WORD[small]
        SPACE[ ]
        WORD[a]
        SPECIAL[,]
        SPACE[ ]
        WORD[acute]
        SPACE[ ]
        WORD[accent]
        NEWLINE
        WORD[â]
        SPACE[ 	]
        HTML_ENTITY[&#226;]
        SPACE[ 	]
        HTML_ENTITY[&acirc;]
        SPACE[ 	]
        WORD[small]
        SPACE[ ]
        WORD[a]
        SPECIAL[,]
        SPACE[ ]
        WORD[circumflex]
        SPACE[ ]
        WORD[accent]
        NEWLINE
        WORD[ã]
        SPACE[ 	]
        HTML_ENTITY[&#227;]
        SPACE[ 	]
        HTML_ENTITY[&atilde;]
        SPACE[ 	]
        WORD[small]
        SPACE[ ]
        WORD[a]
        SPECIAL[,]
        SPACE[ ]
        WORD[tilde]
        NEWLINE
        WORD[ä]
        SPACE[ 	]
        HTML_ENTITY[&#228;]
        SPACE[ 	]
        HTML_ENTITY[&auml;]
        SPACE[ 	]
        WORD[small]
        SPACE[ ]
        WORD[a]
        SPECIAL[,]
        SPACE[ ]
        WORD[umlaut]
        SPACE[ ]
        WORD[mark]
        NEWLINE
        WORD[å]
        SPACE[ 	]
        HTML_ENTITY[&#229;]
        SPACE[ 	]
        HTML_ENTITY[&aring;]
        SPACE[ 	]
        WORD[small]
        SPACE[ ]
        WORD[a]
        SPECIAL[,]
        SPACE[ ]
        WORD[ring]
        NEWLINE
        WORD[æ]
        SPACE[ 	]
        HTML_ENTITY[&#230;]
        SPACE[ 	]
        HTML_ENTITY[&aelig;]
        SPACE[ 	]
        WORD[small]
        SPACE[ ]
        WORD[ae]
        NEWLINE
        WORD[ç]
        SPACE[ 	]
        HTML_ENTITY[&#231;]
        SPACE[ 	]
        HTML_ENTITY[&ccedil;]
        SPACE[ 	]
        WORD[small]
        SPACE[ ]
        WORD[c]
        SPECIAL[,]
        SPACE[ ]
        WORD[cedilla]
        NEWLINE
        WORD[è]
        SPACE[ 	]
        HTML_ENTITY[&#232;]
        SPACE[ 	]
        HTML_ENTITY[&egrave;]
        SPACE[ 	]
        WORD[small]
        SPACE[ ]
        WORD[e]
        SPECIAL[,]
        SPACE[ ]
        WORD[grave]
        SPACE[ ]
        WORD[accent]
        NEWLINE
        WORD[é]
        SPACE[ 	]
        HTML_ENTITY[&#233;]
        SPACE[ 	]
        HTML_ENTITY[&eacute;]
        SPACE[ 	]
        WORD[small]
        SPACE[ ]
        WORD[e]
        SPECIAL[,]
        SPACE[ ]
        WORD[acute]
        SPACE[ ]
        WORD[accent]
        NEWLINE
        WORD[ê]
        SPACE[ 	]
        HTML_ENTITY[&#234;]
        SPACE[ 	]
        HTML_ENTITY[&ecirc;]
        SPACE[ 	]
        WORD[small]
        SPACE[ ]
        WORD[e]
        SPECIAL[,]
        SPACE[ ]
        WORD[circumflex]
        SPACE[ ]
        WORD[accent]
        NEWLINE
        WORD[ë]
        SPACE[ 	]
        HTML_ENTITY[&#235;]
        SPACE[ 	]
        HTML_ENTITY[&euml;]
        SPACE[ 	]
        WORD[small]
        SPACE[ ]
        WORD[e]
        SPECIAL[,]
        SPACE[ ]
        WORD[umlaut]
        SPACE[ ]
        WORD[mark]
        NEWLINE
        WORD[ì]
        SPACE[ 	]
        HTML_ENTITY[&#236;]
        SPACE[ 	]
        HTML_ENTITY[&igrave;]
        SPACE[ 	]
        WORD[small]
        SPACE[ ]
        WORD[i]
        SPECIAL[,]
        SPACE[ ]
        WORD[grave]
        SPACE[ ]
        WORD[accent]
        NEWLINE
        WORD[í]
        SPACE[ 	]
        HTML_ENTITY[&#237;]
        SPACE[ 	]
        HTML_ENTITY[&iacute;]
        SPACE[ 	]
        WORD[small]
        SPACE[ ]
        WORD[i]
        SPECIAL[,]
        SPACE[ ]
        WORD[acute]
        SPACE[ ]
        WORD[accent]
        NEWLINE
        WORD[î]
        SPACE[ 	]
        HTML_ENTITY[&#238;]
        SPACE[ 	]
        HTML_ENTITY[&icirc;]
        SPACE[ 	]
        WORD[small]
        SPACE[ ]
        WORD[i]
        SPECIAL[,]
        SPACE[ ]
        WORD[circumflex]
        SPACE[ ]
        WORD[accent]
        NEWLINE
        WORD[ï]
        SPACE[ 	]
        HTML_ENTITY[&#239;]
        SPACE[ 	]
        HTML_ENTITY[&iuml;]
        SPACE[ 	]
        WORD[small]
        SPACE[ ]
        WORD[i]
        SPECIAL[,]
        SPACE[ ]
        WORD[umlaut]
        SPACE[ ]
        WORD[mark]
        NEWLINE
        WORD[ð]
        SPACE[ 	]
        HTML_ENTITY[&#240;]
        SPACE[ 	]
        HTML_ENTITY[&eth;]
        SPACE[ 	]
        WORD[small]
        SPACE[ ]
        WORD[eth]
        SPECIAL[,]
        SPACE[ ]
        WORD[Icelandic]
        NEWLINE
        WORD[ñ]
        SPACE[ 	]
        HTML_ENTITY[&#241;]
        SPACE[ 	]
        HTML_ENTITY[&ntilde;]
        SPACE[ 	]
        WORD[small]
        SPACE[ ]
        WORD[n]
        SPECIAL[,]
        SPACE[ ]
        WORD[tilde]
        NEWLINE
        WORD[ò]
        SPACE[ 	]
        HTML_ENTITY[&#242;]
        SPACE[ 	]
        HTML_ENTITY[&ograve;]
        SPACE[ 	]
        WORD[small]
        SPACE[ ]
        WORD[o]
        SPECIAL[,]
        SPACE[ ]
        WORD[grave]
        SPACE[ ]
        WORD[accent]
        NEWLINE
        WORD[ó]
        SPACE[ 	]
        HTML_ENTITY[&#243;]
        SPACE[ 	]
        HTML_ENTITY[&oacute;]
        SPACE[ 	]
        WORD[small]
        SPACE[ ]
        WORD[o]
        SPECIAL[,]
        SPACE[ ]
        WORD[acute]
        SPACE[ ]
        WORD[accent]
        NEWLINE
        WORD[ô]
        SPACE[ 	]
        HTML_ENTITY[&#244;]
        SPACE[ 	]
        HTML_ENTITY[&ocirc;]
        SPACE[ 	]
        WORD[small]
        SPACE[ ]
        WORD[o]
        SPECIAL[,]
        SPACE[ ]
        WORD[circumflex]
        SPACE[ ]
        WORD[accent]
        NEWLINE
        WORD[õ]
        SPACE[ 	]
        HTML_ENTITY[&#245;]
        SPACE[ 	]
        HTML_ENTITY[&otilde;]
        SPACE[ 	]
        WORD[small]
        SPACE[ ]
        WORD[o]
        SPECIAL[,]
        SPACE[ ]
        WORD[tilde]
        NEWLINE
        WORD[ö]
        SPACE[ 	]
        HTML_ENTITY[&#246;]
        SPACE[ 	]
        HTML_ENTITY[&ouml;]
        SPACE[ 	]
        WORD[small]
        SPACE[ ]
        WORD[o]
        SPECIAL[,]
        SPACE[ ]
        WORD[umlaut]
        SPACE[ ]
        WORD[mark]
        NEWLINE
        WORD[ø]
        SPACE[ 	]
        HTML_ENTITY[&#248;]
        SPACE[ 	]
        HTML_ENTITY[&oslash;]
        SPACE[ 	]
        WORD[small]
        SPACE[ ]
        WORD[o]
        SPECIAL[,]
        SPACE[ ]
        WORD[slash]
        NEWLINE
        WORD[ù]
        SPACE[ 	]
        HTML_ENTITY[&#249;]
        SPACE[ 	]
        HTML_ENTITY[&ugrave;]
        SPACE[ 	]
        WORD[small]
        SPACE[ ]
        WORD[u]
        SPECIAL[,]
        SPACE[ ]
        WORD[grave]
        SPACE[ ]
        WORD[accent]
        NEWLINE
        WORD[ú]
        SPACE[ 	]
        HTML_ENTITY[&#250;]
        SPACE[ 	]
        HTML_ENTITY[&uacute;]
        SPACE[ 	]
        WORD[small]
        SPACE[ ]
        WORD[u]
        SPECIAL[,]
        SPACE[ ]
        WORD[acute]
        SPACE[ ]
        WORD[accent]
        NEWLINE
        WORD[û]
        SPACE[ 	]
        HTML_ENTITY[&#251;]
        SPACE[ 	]
        HTML_ENTITY[&ucirc;]
        SPACE[ 	]
        WORD[small]
        SPACE[ ]
        WORD[u]
        SPECIAL[,]
        SPACE[ ]
        WORD[circumflex]
        SPACE[ ]
        WORD[accent]
        NEWLINE
        WORD[ü]
        SPACE[ 	]
        HTML_ENTITY[&#252;]
        SPACE[ 	]
        HTML_ENTITY[&uuml;]
        SPACE[ 	]
        WORD[small]
        SPACE[ ]
        WORD[u]
        SPECIAL[,]
        SPACE[ ]
        WORD[umlaut]
        SPACE[ ]
        WORD[mark]
        NEWLINE
        WORD[ý]
        SPACE[ 	]
        HTML_ENTITY[&#253;]
        SPACE[ 	]
        HTML_ENTITY[&yacute;]
        SPACE[ 	]
        WORD[small]
        SPACE[ ]
        WORD[y]
        SPECIAL[,]
        SPACE[ ]
        WORD[acute]
        SPACE[ ]
        WORD[accent]
        NEWLINE
        WORD[þ]
        SPACE[ 	]
        HTML_ENTITY[&#254;]
        SPACE[ 	]
        HTML_ENTITY[&thorn;]
        SPACE[ 	]
        WORD[small]
        SPACE[ ]
        WORD[thorn]
        SPECIAL[,]
        SPACE[ ]
        WORD[Icelandic]
        NEWLINE
        WORD[ÿ]
        SPACE[ 	]
        HTML_ENTITY[&#255;]
        SPACE[ 	]
        HTML_ENTITY[&yuml;]
        SPACE[ 	]
        WORD[small]
        SPACE[ ]
        WORD[y]
        SPECIAL[,]
        SPACE[ ]
        WORD[umlaut]
        SPACE[ ]
        WORD[mark]
    END PARAGRAPH
    BEGIN PARAGRAPH
        WORD[Hexadecimal]
        SPACE[ ]
        HTML_ENTITY[&#xff;]
        SPACE[ ]
        WORD[Bogus]
        SPACE[ ]
        HTML_ENTITY[&bogusentity;]
        NEWLINE
        NOWIKI[ý 	&#253; 	&yacute; 	small y, acute accent]
        END NOWIKI
    END PARAGRAPH
END ARTICLE
