BEGIN ARTICLE
    BEGIN TABLE
    END TABLE
END ARTICLE
