BEGIN ARTICLE
    HORIZONTAL_RULE
    WORD[text]
    BEGIN PARAGRAPH
        WORD[text]
    END PARAGRAPH
    HORIZONTAL_RULE
    BEGIN PARAGRAPH
        WORD[text]
    END PARAGRAPH
    HORIZONTAL_RULE
    WORD[text]
    BEGIN PARAGRAPH
        WORD[text]
    END PARAGRAPH
    HORIZONTAL_RULE
END ARTICLE
