BEGIN ARTICLE
    BEGIN BULLET LIST
        BEGIN BULLET LIST ITEM
            WORD[item]
        END BULLET LIST ITEM
        BEGIN BULLET LIST ITEM
            WORD[item]
        END BULLET LIST ITEM
    END BULLET LIST
    BEGIN ENUMERATION LIST
        BEGIN ENUMERATION LIST ITEM
            WORD[item]
        END ENUMERATION LIST ITEM
        BEGIN ENUMERATION LIST ITEM
            WORD[item]
        END ENUMERATION LIST ITEM
    END ENUMERATION LIST
    BEGIN DEFINITION LIST
        BEGIN DEFINED TERM ITEM
            WORD[item]
        END DEFINED TERM ITEM
        BEGIN DEFINITION ITEM
            WORD[item]
        END DEFINITION ITEM
        BEGIN DEFINED TERM ITEM
            WORD[item]
        END DEFINED TERM ITEM
        BEGIN DEFINITION ITEM
            WORD[item]
        END DEFINITION ITEM
    END DEFINITION LIST
END ARTICLE
