BEGIN ARTICLE
    BEGIN PARAGRAPH
        NOWIKI[„ÅÇ
'''not formatted
* not formatted]
        END NOWIKI
    END PARAGRAPH
END ARTICLE
