BEGIN ARTICLE
    BEGIN PARAGRAPH
        WORD[asdf]
        NOWIKI[aaf
a

b]
        END NOWIKI
    END PARAGRAPH
END ARTICLE
