BEGIN ARTICLE
    BEGIN HEADING[1]
        SPACE[ ]
        WORD[heading]
        SPACE[ ]
        WORD[1]
        SPACE[ ]
        SPECIAL[=]
    END HEADING
    BEGIN HEADING[2]
        SPACE[ ]
        WORD[heading]
        SPACE[ ]
        WORD[2]
        SPACE[ ]
        SPECIAL[=]
    END HEADING
    BEGIN HEADING[3]
        SPACE[ ]
        WORD[heading]
        SPACE[ ]
        WORD[3]
        SPACE[ ]
        SPECIAL[=]
    END HEADING
    BEGIN HEADING[4]
        SPACE[ ]
        WORD[heading]
        SPACE[ ]
        WORD[4]
        SPACE[ ]
        SPECIAL[=]
    END HEADING
    BEGIN HEADING[5]
        SPACE[ ]
        WORD[heading]
        SPACE[ ]
        WORD[5]
        SPACE[ ]
        SPECIAL[=]
    END HEADING
    BEGIN HEADING[6]
        SPACE[ ]
        WORD[heading]
        SPACE[ ]
        WORD[6]
        SPACE[ ]
        SPECIAL[=]
    END HEADING
    BEGIN HEADING[6]
        SPECIAL[=]
        SPACE[ ]
        WORD[heading]
        SPACE[ ]
        WORD[6]
        SPACE[ ]
        SPECIAL[=]
        SPECIAL[=]
    END HEADING
END ARTICLE
